#
# There is insufficient memory for the Java Runtime Environment to continue.
# Native memory allocation (malloc) failed to allocate 1654096 bytes. Error detail: Chunk::new
# Possible reasons:
#   The system is out of physical RAM or swap space
#   This process is running with CompressedOops enabled, and the Java Heap may be blocking the growth of the native heap
# Possible solutions:
#   Reduce memory load on the system
#   Increase physical memory or swap space
#   Check if swap backing store is full
#   Decrease Java heap size (-Xmx/-Xms)
#   Decrease number of Java threads
#   Decrease Java thread stack sizes (-Xss)
#   Set larger code cache with -XX:ReservedCodeCacheSize=
#   JVM is running with Unscaled Compressed Oops mode in which the Java heap is
#     placed in the first 4GB address space. The Java Heap base address is the
#     maximum limit for the native heap growth. Please use -XX:HeapBaseMinAddress
#     to set the Java Heap base and to place the Java Heap above 4GB virtual address.
# This output file may be truncated or incomplete.
#
#  Out of Memory Error (arena.cpp:168), pid=21320, tid=10732
#
# JRE version: OpenJDK Runtime Environment Temurin-21.0.12.1+1 (21.0.12.1+1) (build 21.0.12.1+1-LTS)
# Java VM: OpenJDK 64-Bit Server VM Temurin-21.0.12.1+1 (21.0.12.1+1-LTS, mixed mode, sharing, tiered, compressed oops, compressed class ptrs, parallel gc, windows-amd64)
# No core dump will be written. Minidumps are not enabled by default on client versions of Windows
#

---------------  S U M M A R Y ------------

Command Line: --add-modules=ALL-SYSTEM --add-opens=java.base/java.util=ALL-UNNAMED --add-opens=java.base/java.lang=ALL-UNNAMED --add-opens=java.base/sun.nio.fs=ALL-UNNAMED -Declipse.application=org.eclipse.jdt.ls.core.id1 -Dosgi.bundles.defaultStartLevel=4 -Declipse.product=org.eclipse.jdt.ls.core.product -Djava.import.generatesMetadataFilesAtProjectRoot=false -Dm2e.project.cache.size=50 -DDetectVMInstallationsJob.disabled=true -Dfile.encoding=utf8 -XX:+UseParallelGC -XX:GCTimeRatio=4 -XX:AdaptiveSizePolicyWeight=90 -Dsun.zip.disableMemoryMapping=true -Xmx2G -Xms100m -Xlog:disable -javaagent:c:\Users\dell\.vscode\extensions\redhat.java-1.56.0-win32-x64\lombok\lombok-1.18.39-4050.jar -XX:+HeapDumpOnOutOfMemoryError -XX:HeapDumpPath=c:\Users\dell\AppData\Roaming\Code\User\workspaceStorage\b64c8d13e47ae0e6c0b0523542beb4c7\redhat.java -Daether.dependencyCollector.impl=bf c:\Users\dell\.vscode\extensions\redhat.java-1.56.0-win32-x64\server\plugins\org.eclipse.equinox.launcher_1.8.0.v20260804-1928.jar -configuration c:\Users\dell\AppData\Roaming\Code\User\globalStorage\redhat.java\1.56.0\config_win -data c:\Users\dell\AppData\Roaming\Code\User\workspaceStorage\b64c8d13e47ae0e6c0b0523542beb4c7\redhat.java\jdt_ws --stdio

Host: 12th Gen Intel(R) Core(TM) i5-1235U, 12 cores, 7G,  Windows 11 , 64 bit Build 26100 (10.0.26100.9278)
Time: Mon Sep  7 22:33:16 2026 India Standard Time elapsed time: 173.846196 seconds (0d 0h 2m 53s)

---------------  T H R E A D  ---------------

Current thread (0x000002cad91a8310):  JavaThread "C2 CompilerThread0" daemon [_thread_in_native, id=10732, stack(0x000000f317500000,0x000000f317600000) (1024K)]


Current CompileTask:
C2:173846 18698   !   4       org.eclipse.jdt.internal.core.builder.NameEnvironment::computeClasspathLocations (2655 bytes)

Stack: [0x000000f317500000,0x000000f317600000]
Native frames: (J=compiled Java code, j=interpreted, Vv=VM code, C=native code)
V  [jvm.dll+0x6d83e9]
V  [jvm.dll+0x8b5736]
V  [jvm.dll+0x8b7cee]
V  [jvm.dll+0x8b83d3]
V  [jvm.dll+0x284596]
V  [jvm.dll+0xc685d]
V  [jvm.dll+0xc6da1]
V  [jvm.dll+0x3bf151]
V  [jvm.dll+0x38b6d2]
V  [jvm.dll+0x38ab1a]
V  [jvm.dll+0x24c700]
V  [jvm.dll+0x24bce0]
V  [jvm.dll+0x1cb4ae]
V  [jvm.dll+0x25baad]
V  [jvm.dll+0x25a03a]
V  [jvm.dll+0x3f8aae]
V  [jvm.dll+0x8600cd]
V  [jvm.dll+0x6d6c1d]
C  [ucrtbase.dll+0x2cd30]
C  [KERNEL32.DLL+0x2ccb7]
C  [ntdll.dll+0xacaec]


---------------  P R O C E S S  ---------------

Threads class SMR info:
_java_thread_list=0x000002cad93cd680, length=92, elements={
0x000002ca809c4090, 0x000002ca973ee2f0, 0x000002ca80a0dac0, 0x000002ca973f2b60,
0x000002ca973f6370, 0x000002ca973f4fc0, 0x000002ca973f3c10, 0x000002cad91a8310,
0x000002cad91ad700, 0x000002ca973f42a0, 0x000002ca973f7090, 0x000002ca973f6a00,
0x000002ca973f4930, 0x000002ca973f5650, 0x000002ca973f5ce0, 0x000002cadf6b71b0,
0x000002cadf6b6b20, 0x000002cadf6b7840, 0x000002cadf6b50e0, 0x000002cadf6b6490,
0x000002cadf6b7ed0, 0x000002cadf6b8560, 0x000002cadf6b8bf0, 0x000002cadf6b5770,
0x000002cadf6b9280, 0x000002cadf6b5e00, 0x000002cadf6b9910, 0x000002cadf6bc700,
0x000002cadf6bb350, 0x000002cadff55970, 0x000002cadff56000, 0x000002cadff545c0,
0x000002cadff54c50, 0x000002cadff552e0, 0x000002cadff53210, 0x000002cadff56d20,
0x000002cadff538a0, 0x000002cadff58df0, 0x000002cadff580d0, 0x000002cadff59b10,
0x000002cadff57a40, 0x000002cadff59480, 0x000002cadff5a1a0, 0x000002cadff5a830,
0x000002cadff573b0, 0x000002cae3f731b0, 0x000002cae3f73ed0, 0x000002cae3f71e00,
0x000002cae3f74bf0, 0x000002cae3f75910, 0x000002cae3f72490, 0x000002cae3f75fa0,
0x000002cae3f72b20, 0x000002cae3f76630, 0x000002cae3f78d90, 0x000002cae3f78700,
0x000002cae3f78070, 0x000002cae3f77350, 0x000002cae3f76cc0, 0x000002cadaa16c50,
0x000002cadaa18690, 0x000002cae0f96d40, 0x000002cae0f994a0, 0x000002cae0f99b30,
0x000002cae0f9a1c0, 0x000002cae0f98780, 0x000002cae0f9aee0, 0x000002cae0f98e10,
0x000002cae0f980f0, 0x000002cae0f9cfb0, 0x000002cae0f9a850, 0x000002cae0f9dcd0,
0x000002cae0f9bc00, 0x000002cae0f9c290, 0x000002cae0f9c920, 0x000002cadaa165c0,
0x000002cadf6bb9e0, 0x000002cae3671390, 0x000002cae3673af0, 0x000002cae3670d00,
0x000002cae3670670, 0x000002cae3671a20, 0x000002cae3673460, 0x000002cadff53f30,
0x000002cae3f74560, 0x000002cae3672dd0, 0x000002cae14988e0, 0x000002cae1499600,
0x000002cae1499c90, 0x000002cae149a320, 0x000002cae1498f70, 0x000002cae1497530
}

Java Threads: ( => current thread )
  0x000002ca809c4090 JavaThread "main"                              [_thread_blocked, id=6648, stack(0x000000f316b00000,0x000000f316c00000) (1024K)]
  0x000002ca973ee2f0 JavaThread "Reference Handler"          daemon [_thread_blocked, id=13836, stack(0x000000f316f00000,0x000000f317000000) (1024K)]
  0x000002ca80a0dac0 JavaThread "Finalizer"                  daemon [_thread_blocked, id=12100, stack(0x000000f317000000,0x000000f317100000) (1024K)]
  0x000002ca973f2b60 JavaThread "Signal Dispatcher"          daemon [_thread_blocked, id=12092, stack(0x000000f317100000,0x000000f317200000) (1024K)]
  0x000002ca973f6370 JavaThread "Attach Listener"            daemon [_thread_blocked, id=11864, stack(0x000000f317200000,0x000000f317300000) (1024K)]
  0x000002ca973f4fc0 JavaThread "Service Thread"             daemon [_thread_blocked, id=19616, stack(0x000000f317300000,0x000000f317400000) (1024K)]
  0x000002ca973f3c10 JavaThread "Monitor Deflation Thread"   daemon [_thread_blocked, id=16732, stack(0x000000f317400000,0x000000f317500000) (1024K)]
=>0x000002cad91a8310 JavaThread "C2 CompilerThread0"         daemon [_thread_in_native, id=10732, stack(0x000000f317500000,0x000000f317600000) (1024K)]
  0x000002cad91ad700 JavaThread "C1 CompilerThread0"         daemon [_thread_blocked, id=12084, stack(0x000000f317600000,0x000000f317700000) (1024K)]
  0x000002ca973f42a0 JavaThread "Common-Cleaner"             daemon [_thread_blocked, id=12280, stack(0x000000f317800000,0x000000f317900000) (1024K)]
  0x000002ca973f7090 JavaThread "Notification Thread"        daemon [_thread_blocked, id=19736, stack(0x000000f317900000,0x000000f317a00000) (1024K)]
  0x000002ca973f6a00 JavaThread "Active Thread: Equinox Container: 1efd56db-74f7-4f07-9382-190c17ee19b7"        [_thread_blocked, id=22228, stack(0x000000f318100000,0x000000f318200000) (1024K)]
  0x000002ca973f4930 JavaThread "Refresh Thread: Equinox Container: 1efd56db-74f7-4f07-9382-190c17ee19b7" daemon [_thread_blocked, id=22004, stack(0x000000f318300000,0x000000f318400000) (1024K)]
  0x000002ca973f5650 JavaThread "Framework Event Dispatcher: Equinox Container: 1efd56db-74f7-4f07-9382-190c17ee19b7" daemon [_thread_blocked, id=12860, stack(0x000000f318400000,0x000000f318500000) (1024K)]
  0x000002ca973f5ce0 JavaThread "Start Level: Equinox Container: 1efd56db-74f7-4f07-9382-190c17ee19b7" daemon [_thread_blocked, id=21992, stack(0x000000f318500000,0x000000f318600000) (1024K)]
  0x000002cadf6b71b0 JavaThread "Bundle File Closer"         daemon [_thread_blocked, id=21904, stack(0x000000f318800000,0x000000f318900000) (1024K)]
  0x000002cadf6b6b20 JavaThread "SCR Component Actor"        daemon [_thread_blocked, id=6204, stack(0x000000f317700000,0x000000f317800000) (1024K)]
  0x000002cadf6b7840 JavaThread "Worker-JM"                         [_thread_blocked, id=19036, stack(0x000000f318a00000,0x000000f318b00000) (1024K)]
  0x000002cadf6b50e0 JavaThread "JNA Cleaner"                daemon [_thread_blocked, id=19596, stack(0x000000f318b00000,0x000000f318c00000) (1024K)]
  0x000002cadf6b6490 JavaThread "Worker-0"                          [_thread_blocked, id=19604, stack(0x000000f318c00000,0x000000f318d00000) (1024K)]
  0x000002cadf6b7ed0 JavaThread "Worker-1"                          [_thread_blocked, id=10208, stack(0x000000f318d00000,0x000000f318e00000) (1024K)]
  0x000002cadf6b8560 JavaThread "Worker-2"                          [_thread_blocked, id=14516, stack(0x000000f318900000,0x000000f318a00000) (1024K)]
  0x000002cadf6b8bf0 JavaThread "Worker-3"                          [_thread_blocked, id=19368, stack(0x000000f318e00000,0x000000f318f00000) (1024K)]
  0x000002cadf6b5770 JavaThread "Java indexing"              daemon [_thread_blocked, id=2920, stack(0x000000f318f00000,0x000000f319000000) (1024K)]
  0x000002cadf6b9280 JavaThread "Worker-4"                          [_thread_blocked, id=1428, stack(0x000000f319200000,0x000000f319300000) (1024K)]
  0x000002cadf6b5e00 JavaThread "Worker-5"                          [_thread_blocked, id=22288, stack(0x000000f319300000,0x000000f319400000) (1024K)]
  0x000002cadf6b9910 JavaThread "pool-2-thread-1"                   [_thread_blocked, id=8884, stack(0x000000f319400000,0x000000f319500000) (1024K)]
  0x000002cadf6bc700 JavaThread "WorkspaceEventsHandler"            [_thread_blocked, id=22132, stack(0x000000f319500000,0x000000f319600000) (1024K)]
  0x000002cadf6bb350 JavaThread "pool-1-thread-1"                   [_thread_blocked, id=15964, stack(0x000000f319600000,0x000000f319700000) (1024K)]
  0x000002cadff55970 JavaThread "LocalFile Deleter"          daemon [_thread_blocked, id=19608, stack(0x000000f319700000,0x000000f319800000) (1024K)]
  0x000002cadff56000 JavaThread "LocalFile Deleter"          daemon [_thread_blocked, id=9636, stack(0x000000f319800000,0x000000f319900000) (1024K)]
  0x000002cadff545c0 JavaThread "LocalFile Deleter"          daemon [_thread_blocked, id=21108, stack(0x000000f319a00000,0x000000f319b00000) (1024K)]
  0x000002cadff54c50 JavaThread "LocalFile Deleter"          daemon [_thread_blocked, id=19392, stack(0x000000f319b00000,0x000000f319c00000) (1024K)]
  0x000002cadff552e0 JavaThread "LocalFile Deleter"          daemon [_thread_blocked, id=20668, stack(0x000000f319c00000,0x000000f319d00000) (1024K)]
  0x000002cadff53210 JavaThread "LocalFile Deleter"          daemon [_thread_blocked, id=13452, stack(0x000000f319d00000,0x000000f319e00000) (1024K)]
  0x000002cadff56d20 JavaThread "LocalFile Deleter"          daemon [_thread_blocked, id=8672, stack(0x000000f319f00000,0x000000f31a000000) (1024K)]
  0x000002cadff538a0 JavaThread "LocalFile Deleter"          daemon [_thread_blocked, id=21604, stack(0x000000f31a000000,0x000000f31a100000) (1024K)]
  0x000002cadff58df0 JavaThread "LocalFile Deleter"          daemon [_thread_blocked, id=21456, stack(0x000000f31a100000,0x000000f31a200000) (1024K)]
  0x000002cadff580d0 JavaThread "LocalFile Deleter"          daemon [_thread_blocked, id=11340, stack(0x000000f31a200000,0x000000f31a300000) (1024K)]
  0x000002cadff59b10 JavaThread "Compiler Source File Reader" daemon [_thread_blocked, id=21640, stack(0x000000f31a300000,0x000000f31a400000) (1024K)]
  0x000002cadff57a40 JavaThread "Compiler Source File Reader" daemon [_thread_blocked, id=10824, stack(0x000000f31a400000,0x000000f31a500000) (1024K)]
  0x000002cadff59480 JavaThread "Compiler Source File Reader" daemon [_thread_blocked, id=2256, stack(0x000000f31a500000,0x000000f31a600000) (1024K)]
  0x000002cadff5a1a0 JavaThread "Compiler Source File Reader" daemon [_thread_blocked, id=9428, stack(0x000000f31a600000,0x000000f31a700000) (1024K)]
  0x000002cadff5a830 JavaThread "Compiler Source File Reader" daemon [_thread_blocked, id=13456, stack(0x000000f31a700000,0x000000f31a800000) (1024K)]
  0x000002cadff573b0 JavaThread "Compiler Source File Reader" daemon [_thread_blocked, id=21528, stack(0x000000f31a800000,0x000000f31a900000) (1024K)]
  0x000002cae3f731b0 JavaThread "Compiler Source File Reader" daemon [_thread_blocked, id=20840, stack(0x000000f31a900000,0x000000f31aa00000) (1024K)]
  0x000002cae3f73ed0 JavaThread "Compiler Source File Reader" daemon [_thread_blocked, id=22036, stack(0x000000f31aa00000,0x000000f31ab00000) (1024K)]
  0x000002cae3f71e00 JavaThread "Compiler Source File Reader" daemon [_thread_blocked, id=22104, stack(0x000000f31ab00000,0x000000f31ac00000) (1024K)]
  0x000002cae3f74bf0 JavaThread "Compiler Source File Reader" daemon [_thread_blocked, id=22156, stack(0x000000f31ac00000,0x000000f31ad00000) (1024K)]
  0x000002cae3f75910 JavaThread "Compiler Class File Writer" daemon [_thread_blocked, id=4172, stack(0x000000f31ae00000,0x000000f31af00000) (1024K)]
  0x000002cae3f72490 JavaThread "Compiler Class File Writer" daemon [_thread_blocked, id=13464, stack(0x000000f31af00000,0x000000f31b000000) (1024K)]
  0x000002cae3f75fa0 JavaThread "Compiler Class File Writer" daemon [_thread_blocked, id=14348, stack(0x000000f31b000000,0x000000f31b100000) (1024K)]
  0x000002cae3f72b20 JavaThread "Compiler Class File Writer" daemon [_thread_blocked, id=15896, stack(0x000000f31b100000,0x000000f31b200000) (1024K)]
  0x000002cae3f76630 JavaThread "Compiler Class File Writer" daemon [_thread_blocked, id=17016, stack(0x000000f31b200000,0x000000f31b300000) (1024K)]
  0x000002cae3f78d90 JavaThread "Compiler Class File Writer" daemon [_thread_blocked, id=14560, stack(0x000000f31b300000,0x000000f31b400000) (1024K)]
  0x000002cae3f78700 JavaThread "Compiler Class File Writer" daemon [_thread_blocked, id=12400, stack(0x000000f31b400000,0x000000f31b500000) (1024K)]
  0x000002cae3f78070 JavaThread "Compiler Class File Writer" daemon [_thread_blocked, id=13944, stack(0x000000f31b500000,0x000000f31b600000) (1024K)]
  0x000002cae3f77350 JavaThread "Compiler Class File Writer" daemon [_thread_blocked, id=8564, stack(0x000000f31b600000,0x000000f31b700000) (1024K)]
  0x000002cae3f76cc0 JavaThread "Compiler Class File Writer" daemon [_thread_blocked, id=2324, stack(0x000000f31b700000,0x000000f31b800000) (1024K)]
  0x000002cadaa16c50 JavaThread "PatternSearchJob-worker-1"  daemon [_thread_blocked, id=2112, stack(0x000000f31b900000,0x000000f31ba00000) (1024K)]
  0x000002cadaa18690 JavaThread "PatternSearchJob-worker-2"  daemon [_thread_blocked, id=3036, stack(0x000000f31ba00000,0x000000f31bb00000) (1024K)]
  0x000002cae0f96d40 JavaThread "PatternSearchJob-worker-3"  daemon [_thread_blocked, id=2124, stack(0x000000f31bb00000,0x000000f31bc00000) (1024K)]
  0x000002cae0f994a0 JavaThread "PatternSearchJob-worker-4"  daemon [_thread_blocked, id=3028, stack(0x000000f31bc00000,0x000000f31bd00000) (1024K)]
  0x000002cae0f99b30 JavaThread "Worker-6"                          [_thread_blocked, id=14624, stack(0x000000f31b800000,0x000000f31b900000) (1024K)]
  0x000002cae0f9a1c0 JavaThread "Worker-7"                          [_thread_blocked, id=20812, stack(0x000000f31bd00000,0x000000f31be00000) (1024K)]
  0x000002cae0f98780 JavaThread "Worker-8: Initialize workspace"        [_thread_blocked, id=13692, stack(0x000000f31be00000,0x000000f31bf00000) (1024K)]
  0x000002cae0f9aee0 JavaThread "PatternSearchJob-worker-5"  daemon [_thread_blocked, id=14500, stack(0x000000f317a00000,0x000000f317b00000) (1024K)]
  0x000002cae0f98e10 JavaThread "PatternSearchJob-worker-6"  daemon [_thread_blocked, id=19624, stack(0x000000f31bf00000,0x000000f31c000000) (1024K)]
  0x000002cae0f980f0 JavaThread "Worker-9"                          [_thread_blocked, id=17296, stack(0x000000f31c000000,0x000000f31c100000) (1024K)]
  0x000002cae0f9cfb0 JavaThread "PatternSearchJob-worker-7"  daemon [_thread_blocked, id=17272, stack(0x000000f31c200000,0x000000f31c300000) (1024K)]
  0x000002cae0f9a850 JavaThread "Worker-10: Initialize Workspace"        [_thread_blocked, id=15680, stack(0x000000f31c100000,0x000000f31c200000) (1024K)]
  0x000002cae0f9dcd0 JavaThread "Worker-11"                         [_thread_blocked, id=10268, stack(0x000000f316700000,0x000000f316800000) (1024K)]
  0x000002cae0f9bc00 JavaThread "Worker-12"                         [_thread_blocked, id=8004, stack(0x000000f316800000,0x000000f316900000) (1024K)]
  0x000002cae0f9c290 JavaThread "Worker-13"                         [_thread_blocked, id=16704, stack(0x000000f316900000,0x000000f316a00000) (1024K)]
  0x000002cae0f9c920 JavaThread "Worker-14"                         [_thread_blocked, id=22264, stack(0x000000f31c300000,0x000000f31c400000) (1024K)]
  0x000002cadaa165c0 JavaThread "PatternSearchJob-worker-8"  daemon [_thread_blocked, id=12848, stack(0x000000f31c400000,0x000000f31c500000) (1024K)]
  0x000002cadf6bb9e0 JavaThread "PatternSearchJob-worker-9"  daemon [_thread_blocked, id=10480, stack(0x000000f31c500000,0x000000f31c600000) (1024K)]
  0x000002cae3671390 JavaThread "PatternSearchJob-worker-11" daemon [_thread_blocked, id=10512, stack(0x000000f31c600000,0x000000f31c700000) (1024K)]
  0x000002cae3673af0 JavaThread "PatternSearchJob-worker-10" daemon [_thread_blocked, id=3232, stack(0x000000f31c700000,0x000000f31c800000) (1024K)]
  0x000002cae3670d00 JavaThread "Worker-15"                         [_thread_blocked, id=16488, stack(0x000000f31c800000,0x000000f31c900000) (1024K)]
  0x000002cae3670670 JavaThread "Worker-16"                         [_thread_blocked, id=21104, stack(0x000000f31c900000,0x000000f31ca00000) (1024K)]
  0x000002cae3671a20 JavaThread "Worker-17"                         [_thread_blocked, id=14508, stack(0x000000f31ad00000,0x000000f31ae00000) (1024K)]
  0x000002cae3673460 JavaThread "Worker-18"                         [_thread_blocked, id=12700, stack(0x000000f31ca00000,0x000000f31cb00000) (1024K)]
  0x000002cadff53f30 JavaThread "Worker-19"                         [_thread_blocked, id=19660, stack(0x000000f319900000,0x000000f319a00000) (1024K)]
  0x000002cae3f74560 JavaThread "Worker-20"                         [_thread_blocked, id=10316, stack(0x000000f31cb00000,0x000000f31cc00000) (1024K)]
  0x000002cae3672dd0 JavaThread "Worker-21"                         [_thread_blocked, id=10344, stack(0x000000f31cc00000,0x000000f31cd00000) (1024K)]
  0x000002cae14988e0 JavaThread "Worker-22"                         [_thread_blocked, id=17172, stack(0x000000f31cd00000,0x000000f31ce00000) (1024K)]
  0x000002cae1499600 JavaThread "Worker-23: Initialize workspace"        [_thread_blocked, id=15064, stack(0x000000f31cf00000,0x000000f31d000000) (1024K)]
  0x000002cae1499c90 JavaThread "Worker-24"                         [_thread_blocked, id=22188, stack(0x000000f31d000000,0x000000f31d100000) (1024K)]
  0x000002cae149a320 JavaThread "Worker-25"                         [_thread_blocked, id=6036, stack(0x000000f31d100000,0x000000f31d200000) (1024K)]
  0x000002cae1498f70 JavaThread "Worker-26: Initialize workspace"        [_thread_blocked, id=11824, stack(0x000000f31d200000,0x000000f31d300000) (1024K)]
  0x000002cae1497530 JavaThread "ProjectImportProgressReporter" daemon [_thread_blocked, id=11000, stack(0x000000f319100000,0x000000f319200000) (1024K)]
Total: 92

Other Threads:
  0x000002ca809fecd0 VMThread "VM Thread"                           [id=12136, stack(0x000000f316e00000,0x000000f316f00000) (1024K)]
  0x000002ca9731d220 WatcherThread "VM Periodic Task Thread"        [id=19824, stack(0x000000f316d00000,0x000000f316e00000) (1024K)]
  0x000002ca809dab20 WorkerThread "GC Thread#0"                     [id=11664, stack(0x000000f316c00000,0x000000f316d00000) (1024K)]
  0x000002cada80e1f0 WorkerThread "GC Thread#1"                     [id=17632, stack(0x000000f317b00000,0x000000f317c00000) (1024K)]
  0x000002cadad0a6c0 WorkerThread "GC Thread#2"                     [id=19480, stack(0x000000f317c00000,0x000000f317d00000) (1024K)]
  0x000002cadaca45f0 WorkerThread "GC Thread#3"                     [id=10748, stack(0x000000f317d00000,0x000000f317e00000) (1024K)]
  0x000002cadac526c0 WorkerThread "GC Thread#4"                     [id=14432, stack(0x000000f317e00000,0x000000f317f00000) (1024K)]
  0x000002cadac52a70 WorkerThread "GC Thread#5"                     [id=2140, stack(0x000000f317f00000,0x000000f318000000) (1024K)]
  0x000002cada9b0230 WorkerThread "GC Thread#6"                     [id=18988, stack(0x000000f318000000,0x000000f318100000) (1024K)]
  0x000002cadf29b3e0 WorkerThread "GC Thread#7"                     [id=21780, stack(0x000000f318200000,0x000000f318300000) (1024K)]
  0x000002cadf29ac80 WorkerThread "GC Thread#8"                     [id=19492, stack(0x000000f318600000,0x000000f318700000) (1024K)]
  0x000002cadf29a8d0 WorkerThread "GC Thread#9"                     [id=11848, stack(0x000000f318700000,0x000000f318800000) (1024K)]
Total: 12

Threads with active compile tasks:
C2 CompilerThread0  173971 18698   !   4       org.eclipse.jdt.internal.core.builder.NameEnvironment::computeClasspathLocations (2655 bytes)
Total: 1

VM state: at safepoint (normal execution)

VM Mutex/Monitor currently owned by a thread:  ([mutex/lock_event])
[0x00007ffa178bf5b0] Threads_lock - owner thread: 0x000002ca809fecd0
[0x00007ffa178bf6b0] Heap_lock - owner thread: 0x000002cae1499600

Heap address: 0x0000000080000000, size: 2048 MB, Compressed Oops mode: 32-bit

CDS archive(s) mapped at: [0x000002ca98000000-0x000002ca98ba0000-0x000002ca98ba0000), size 12189696, SharedBaseAddress: 0x000002ca98000000, ArchiveRelocationMode: 1.
Compressed class space mapped at: 0x000002ca99000000-0x000002cad9000000, reserved size: 1073741824
Narrow klass base: 0x000002ca98000000, Narrow klass shift: 0, Narrow klass range: 0x100000000

GC Precious Log:
 CardTable entry size: 512
 CPUs: 12 total, 12 available
 Memory: 7876M
 Large Page Support: Disabled
 NUMA Support: Disabled
 Compressed Oops: Enabled (32-bit)
 Alignments: Space 512K, Generation 512K, Heap 2M
 Heap Min Capacity: 100M
 Heap Initial Capacity: 100M
 Heap Max Capacity: 2G
 Pre-touch: Disabled
 Parallel Workers: 10

Heap:
 PSYoungGen      total 3584K, used 3520K [0x00000000d5580000, 0x00000000d5a00000, 0x0000000100000000)
  eden space 3072K, 100% used [0x00000000d5580000,0x00000000d5880000,0x00000000d5880000)
  from space 512K, 87% used [0x00000000d5900000,0x00000000d5970000,0x00000000d5980000)
  to   space 512K, 62% used [0x00000000d5980000,0x00000000d59d0000,0x00000000d5a00000)
 ParOldGen       total 930816K, used 930364K [0x0000000080000000, 0x00000000b8d00000, 0x00000000d5580000)
  object space 930816K, 99% used [0x0000000080000000,0x00000000b8c8f2c0,0x00000000b8d00000)
 Metaspace       used 67823K, committed 69568K, reserved 1114112K
  class space    used 6745K, committed 7488K, reserved 1048576K

Card table byte_map: [0x000002ca80320000,0x000002ca80730000] _byte_map_base: 0x000002ca7ff20000

Marking Bits: (ParMarkBitMap*) 0x00007ffa178c44a0
 Begin Bits: [0x000002ca92e00000, 0x000002ca94e00000)
 End Bits:   [0x000002ca94e00000, 0x000002ca96e00000)

Polling page: 0x000002ca80110000

Metaspace:

Usage:
  Non-class:     59.65 MB used.
      Class:      6.59 MB used.
       Both:     66.23 MB used.

Virtual space:
  Non-class space:       64.00 MB reserved,      60.62 MB ( 95%) committed,  1 nodes.
      Class space:        1.00 GB reserved,       7.31 MB ( <1%) committed,  1 nodes.
             Both:        1.06 GB reserved,      67.94 MB (  6%) committed. 

Chunk freelists:
   Non-Class:  2.92 MB
       Class:  8.65 MB
        Both:  11.57 MB

MaxMetaspaceSize: unlimited
CompressedClassSpaceSize: 1.00 GB
Initial GC threshold: 21.00 MB
Current GC threshold: 109.50 MB
CDS: on
 - commit_granule_bytes: 65536.
 - commit_granule_words: 8192.
 - virtual_space_node_default_size: 8388608.
 - enlarge_chunks_in_place: 1.
 - use_allocation_guard: 0.


Internal statistics:

num_allocs_failed_limit: 11.
num_arena_births: 1966.
num_arena_deaths: 66.
num_vsnodes_births: 2.
num_vsnodes_deaths: 0.
num_space_committed: 1087.
num_space_uncommitted: 0.
num_chunks_returned_to_freelist: 99.
num_chunks_taken_from_freelist: 5290.
num_chunk_merges: 27.
num_chunk_splits: 3223.
num_chunks_enlarged: 1812.
num_inconsistent_stats: 0.

CodeHeap 'non-profiled nmethods': size=120000Kb used=15087Kb max_used=15087Kb free=104912Kb
 bounds [0x000002ca8b620000, 0x000002ca8c4e0000, 0x000002ca92b50000]
CodeHeap 'profiled nmethods': size=120000Kb used=40884Kb max_used=40884Kb free=79116Kb
 bounds [0x000002ca83b50000, 0x000002ca86340000, 0x000002ca8b080000]
CodeHeap 'non-nmethods': size=5760Kb used=1429Kb max_used=1511Kb free=4330Kb
 bounds [0x000002ca8b080000, 0x000002ca8b2f0000, 0x000002ca8b620000]
CodeCache: size=245760Kb, used=57400Kb, max_used=57482Kb, free=188358Kb
 total_blobs=17570, nmethods=16831, adapters=643, full_count=0
Compilation: enabled, stopped_count=0, restarted_count=0

Compilation events (20 events):
Event: 171.434 Thread 0x000002cad91ad700 nmethod 18692 0x000002ca86336e10 code [0x000002ca86336fc0, 0x000002ca86337270]
Event: 172.208 Thread 0x000002cad91ad700 18693       3       com.google.gson.internal.bind.JsonTreeReader::<init> (44 bytes)
Event: 172.209 Thread 0x000002cad91ad700 nmethod 18693 0x000002ca86337390 code [0x000002ca86337560, 0x000002ca86337910]
Event: 172.361 Thread 0x000002cad91a8310 18694       4       org.eclipse.lsp4j.jsonrpc.json.adapters.EitherTypeAdapter$EitherTypeArgument::write (10 bytes)
Event: 172.363 Thread 0x000002cad91a8310 nmethod 18694 0x000002ca8c4dbb10 code [0x000002ca8c4dbca0, 0x000002ca8c4dbd50]
Event: 173.010 Thread 0x000002cad91ad700 18695   !   3       org.eclipse.lsp4j.jsonrpc.json.StreamMessageProducer::listen (304 bytes)
Event: 173.013 Thread 0x000002cad91ad700 nmethod 18695 0x000002ca86337a10 code [0x000002ca86337da0, 0x000002ca863392b8]
Event: 173.013 Thread 0x000002cad91ad700 18696       3       org.eclipse.core.runtime.SubProgressMonitor::beginTask (54 bytes)
Event: 173.013 Thread 0x000002cad91ad700 nmethod 18696 0x000002ca86339f90 code [0x000002ca8633a140, 0x000002ca8633a358]
Event: 173.298 Thread 0x000002cad91ad700 18697       3       java.util.concurrent.ScheduledThreadPoolExecutor$ScheduledFutureTask::isPeriodic (15 bytes)
Event: 173.299 Thread 0x000002cad91ad700 nmethod 18697 0x000002ca84e2b910 code [0x000002ca84e2baa0, 0x000002ca84e2bc08]
Event: 173.392 Thread 0x000002cad91a8310 18698   !   4       org.eclipse.jdt.internal.core.builder.NameEnvironment::computeClasspathLocations (2655 bytes)
Event: 173.392 Thread 0x000002cad91ad700 18699       3       org.eclipse.jdt.internal.core.ModuleUpdater::containsNonModularDependency (48 bytes)
Event: 173.393 Thread 0x000002cad91ad700 nmethod 18699 0x000002ca8633a410 code [0x000002ca8633a5e0, 0x000002ca8633aa20]
Event: 173.660 Thread 0x000002cad91ad700 18700       3       java.util.concurrent.CompletableFuture::tryPushStack (23 bytes)
Event: 173.662 Thread 0x000002cad91ad700 nmethod 18700 0x000002ca8633ac10 code [0x000002ca8633af60, 0x000002ca8633c348]
Event: 173.829 Thread 0x000002cad91ad700 18701       3       java.lang.invoke.BoundMethodHandle::copyWith (7 bytes)
Event: 173.830 Thread 0x000002cad91ad700 nmethod 18701 0x000002ca8633ca10 code [0x000002ca8633cbc0, 0x000002ca8633cd88]
Event: 173.833 Thread 0x000002cad91ad700 18702       3       java.lang.StackTraceElement::toString (298 bytes)
Event: 173.835 Thread 0x000002cad91ad700 nmethod 18702 0x000002ca8633ce10 code [0x000002ca8633d2c0, 0x000002ca8633f1f8]

GC Heap History (20 events):
Event: 173.168 GC heap before
{Heap before GC invocations=4412 (full 4):
 PSYoungGen      total 4096K, used 2879K [0x00000000d5580000, 0x00000000d5a80000, 0x0000000100000000)
  eden space 2560K, 99% used [0x00000000d5580000,0x00000000d57ffff8,0x00000000d5800000)
  from space 1536K, 20% used [0x00000000d5800000,0x00000000d5850000,0x00000000d5980000)
  to   space 1024K, 0% used [0x00000000d5980000,0x00000000d5980000,0x00000000d5a80000)
 ParOldGen       total 929280K, used 928970K [0x0000000080000000, 0x00000000b8b80000, 0x00000000d5580000)
  object space 929280K, 99% used [0x0000000080000000,0x00000000b8b32bf8,0x00000000b8b80000)
 Metaspace       used 67812K, committed 69504K, reserved 1114112K
  class space    used 6745K, committed 7488K, reserved 1048576K
}
Event: 173.170 GC heap after
{Heap after GC invocations=4412 (full 4):
 PSYoungGen      total 3584K, used 192K [0x00000000d5580000, 0x00000000d5a00000, 0x0000000100000000)
  eden space 3072K, 0% used [0x00000000d5580000,0x00000000d5580000,0x00000000d5880000)
  from space 512K, 37% used [0x00000000d5980000,0x00000000d59b0000,0x00000000d5a00000)
  to   space 512K, 0% used [0x00000000d5900000,0x00000000d5900000,0x00000000d5980000)
 ParOldGen       total 929280K, used 929160K [0x0000000080000000, 0x00000000b8b80000, 0x00000000d5580000)
  object space 929280K, 99% used [0x0000000080000000,0x00000000b8b62078,0x00000000b8b80000)
 Metaspace       used 67812K, committed 69504K, reserved 1114112K
  class space    used 6745K, committed 7488K, reserved 1048576K
}
Event: 173.250 GC heap before
{Heap before GC invocations=4413 (full 4):
 PSYoungGen      total 3584K, used 3263K [0x00000000d5580000, 0x00000000d5a00000, 0x0000000100000000)
  eden space 3072K, 99% used [0x00000000d5580000,0x00000000d587fff8,0x00000000d5880000)
  from space 512K, 37% used [0x00000000d5980000,0x00000000d59b0000,0x00000000d5a00000)
  to   space 512K, 0% used [0x00000000d5900000,0x00000000d5900000,0x00000000d5980000)
 ParOldGen       total 929280K, used 929160K [0x0000000080000000, 0x00000000b8b80000, 0x00000000d5580000)
  object space 929280K, 99% used [0x0000000080000000,0x00000000b8b62078,0x00000000b8b80000)
 Metaspace       used 67812K, committed 69504K, reserved 1114112K
  class space    used 6745K, committed 7488K, reserved 1048576K
}
Event: 173.253 GC heap after
{Heap after GC invocations=4413 (full 4):
 PSYoungGen      total 3584K, used 192K [0x00000000d5580000, 0x00000000d5a00000, 0x0000000100000000)
  eden space 3072K, 0% used [0x00000000d5580000,0x00000000d5580000,0x00000000d5880000)
  from space 512K, 37% used [0x00000000d5900000,0x00000000d5930000,0x00000000d5980000)
  to   space 512K, 0% used [0x00000000d5980000,0x00000000d5980000,0x00000000d5a00000)
 ParOldGen       total 929280K, used 929200K [0x0000000080000000, 0x00000000b8b80000, 0x00000000d5580000)
  object space 929280K, 99% used [0x0000000080000000,0x00000000b8b6c078,0x00000000b8b80000)
 Metaspace       used 67812K, committed 69504K, reserved 1114112K
  class space    used 6745K, committed 7488K, reserved 1048576K
}
Event: 173.336 GC heap before
{Heap before GC invocations=4414 (full 4):
 PSYoungGen      total 3584K, used 3263K [0x00000000d5580000, 0x00000000d5a00000, 0x0000000100000000)
  eden space 3072K, 99% used [0x00000000d5580000,0x00000000d587fff8,0x00000000d5880000)
  from space 512K, 37% used [0x00000000d5900000,0x00000000d5930000,0x00000000d5980000)
  to   space 512K, 0% used [0x00000000d5980000,0x00000000d5980000,0x00000000d5a00000)
 ParOldGen       total 929280K, used 929200K [0x0000000080000000, 0x00000000b8b80000, 0x00000000d5580000)
  object space 929280K, 99% used [0x0000000080000000,0x00000000b8b6c078,0x00000000b8b80000)
 Metaspace       used 67812K, committed 69504K, reserved 1114112K
  class space    used 6745K, committed 7488K, reserved 1048576K
}
Event: 173.338 GC heap after
{Heap after GC invocations=4414 (full 4):
 PSYoungGen      total 3584K, used 224K [0x00000000d5580000, 0x00000000d5a00000, 0x0000000100000000)
  eden space 3072K, 0% used [0x00000000d5580000,0x00000000d5580000,0x00000000d5880000)
  from space 512K, 43% used [0x00000000d5980000,0x00000000d59b8000,0x00000000d5a00000)
  to   space 512K, 0% used [0x00000000d5900000,0x00000000d5900000,0x00000000d5980000)
 ParOldGen       total 929280K, used 929200K [0x0000000080000000, 0x00000000b8b80000, 0x00000000d5580000)
  object space 929280K, 99% used [0x0000000080000000,0x00000000b8b6c078,0x00000000b8b80000)
 Metaspace       used 67812K, committed 69504K, reserved 1114112K
  class space    used 6745K, committed 7488K, reserved 1048576K
}
Event: 173.371 GC heap before
{Heap before GC invocations=4415 (full 4):
 PSYoungGen      total 3584K, used 3296K [0x00000000d5580000, 0x00000000d5a00000, 0x0000000100000000)
  eden space 3072K, 100% used [0x00000000d5580000,0x00000000d5880000,0x00000000d5880000)
  from space 512K, 43% used [0x00000000d5980000,0x00000000d59b8000,0x00000000d5a00000)
  to   space 512K, 0% used [0x00000000d5900000,0x00000000d5900000,0x00000000d5980000)
 ParOldGen       total 929280K, used 929200K [0x0000000080000000, 0x00000000b8b80000, 0x00000000d5580000)
  object space 929280K, 99% used [0x0000000080000000,0x00000000b8b6c078,0x00000000b8b80000)
 Metaspace       used 67812K, committed 69504K, reserved 1114112K
  class space    used 6745K, committed 7488K, reserved 1048576K
}
Event: 173.374 GC heap after
{Heap after GC invocations=4415 (full 4):
 PSYoungGen      total 3584K, used 32K [0x00000000d5580000, 0x00000000d5a00000, 0x0000000100000000)
  eden space 3072K, 0% used [0x00000000d5580000,0x00000000d5580000,0x00000000d5880000)
  from space 512K, 6% used [0x00000000d5900000,0x00000000d5908000,0x00000000d5980000)
  to   space 512K, 0% used [0x00000000d5980000,0x00000000d5980000,0x00000000d5a00000)
 ParOldGen       total 929792K, used 929336K [0x0000000080000000, 0x00000000b8c00000, 0x00000000d5580000)
  object space 929792K, 99% used [0x0000000080000000,0x00000000b8b8e078,0x00000000b8c00000)
 Metaspace       used 67812K, committed 69504K, reserved 1114112K
  class space    used 6745K, committed 7488K, reserved 1048576K
}
Event: 173.456 GC heap before
{Heap before GC invocations=4416 (full 4):
 PSYoungGen      total 3584K, used 3103K [0x00000000d5580000, 0x00000000d5a00000, 0x0000000100000000)
  eden space 3072K, 99% used [0x00000000d5580000,0x00000000d587ffe0,0x00000000d5880000)
  from space 512K, 6% used [0x00000000d5900000,0x00000000d5908000,0x00000000d5980000)
  to   space 512K, 0% used [0x00000000d5980000,0x00000000d5980000,0x00000000d5a00000)
 ParOldGen       total 929792K, used 929336K [0x0000000080000000, 0x00000000b8c00000, 0x00000000d5580000)
  object space 929792K, 99% used [0x0000000080000000,0x00000000b8b8e078,0x00000000b8c00000)
 Metaspace       used 67812K, committed 69504K, reserved 1114112K
  class space    used 6745K, committed 7488K, reserved 1048576K
}
Event: 173.459 GC heap after
{Heap after GC invocations=4416 (full 4):
 PSYoungGen      total 3584K, used 320K [0x00000000d5580000, 0x00000000d5a00000, 0x0000000100000000)
  eden space 3072K, 0% used [0x00000000d5580000,0x00000000d5580000,0x00000000d5880000)
  from space 512K, 62% used [0x00000000d5980000,0x00000000d59d0000,0x00000000d5a00000)
  to   space 512K, 0% used [0x00000000d5900000,0x00000000d5900000,0x00000000d5980000)
 ParOldGen       total 929792K, used 929336K [0x0000000080000000, 0x00000000b8c00000, 0x00000000d5580000)
  object space 929792K, 99% used [0x0000000080000000,0x00000000b8b8e078,0x00000000b8c00000)
 Metaspace       used 67812K, committed 69504K, reserved 1114112K
  class space    used 6745K, committed 7488K, reserved 1048576K
}
Event: 173.597 GC heap before
{Heap before GC invocations=4417 (full 4):
 PSYoungGen      total 3584K, used 3392K [0x00000000d5580000, 0x00000000d5a00000, 0x0000000100000000)
  eden space 3072K, 100% used [0x00000000d5580000,0x00000000d5880000,0x00000000d5880000)
  from space 512K, 62% used [0x00000000d5980000,0x00000000d59d0000,0x00000000d5a00000)
  to   space 512K, 0% used [0x00000000d5900000,0x00000000d5900000,0x00000000d5980000)
 ParOldGen       total 929792K, used 929336K [0x0000000080000000, 0x00000000b8c00000, 0x00000000d5580000)
  object space 929792K, 99% used [0x0000000080000000,0x00000000b8b8e078,0x00000000b8c00000)
 Metaspace       used 67812K, committed 69504K, reserved 1114112K
  class space    used 6745K, committed 7488K, reserved 1048576K
}
Event: 173.601 GC heap after
{Heap after GC invocations=4417 (full 4):
 PSYoungGen      total 3584K, used 224K [0x00000000d5580000, 0x00000000d5a00000, 0x0000000100000000)
  eden space 3072K, 0% used [0x00000000d5580000,0x00000000d5580000,0x00000000d5880000)
  from space 512K, 43% used [0x00000000d5900000,0x00000000d5938000,0x00000000d5980000)
  to   space 512K, 0% used [0x00000000d5980000,0x00000000d5980000,0x00000000d5a00000)
 ParOldGen       total 929792K, used 929524K [0x0000000080000000, 0x00000000b8c00000, 0x00000000d5580000)
  object space 929792K, 99% used [0x0000000080000000,0x00000000b8bbd088,0x00000000b8c00000)
 Metaspace       used 67812K, committed 69504K, reserved 1114112K
  class space    used 6745K, committed 7488K, reserved 1048576K
}
Event: 173.674 GC heap before
{Heap before GC invocations=4418 (full 4):
 PSYoungGen      total 3584K, used 3295K [0x00000000d5580000, 0x00000000d5a00000, 0x0000000100000000)
  eden space 3072K, 99% used [0x00000000d5580000,0x00000000d587ffb0,0x00000000d5880000)
  from space 512K, 43% used [0x00000000d5900000,0x00000000d5938000,0x00000000d5980000)
  to   space 512K, 0% used [0x00000000d5980000,0x00000000d5980000,0x00000000d5a00000)
 ParOldGen       total 929792K, used 929524K [0x0000000080000000, 0x00000000b8c00000, 0x00000000d5580000)
  object space 929792K, 99% used [0x0000000080000000,0x00000000b8bbd088,0x00000000b8c00000)
 Metaspace       used 67812K, committed 69504K, reserved 1114112K
  class space    used 6745K, committed 7488K, reserved 1048576K
}
Event: 173.678 GC heap after
{Heap after GC invocations=4418 (full 4):
 PSYoungGen      total 3584K, used 384K [0x00000000d5580000, 0x00000000d5a00000, 0x0000000100000000)
  eden space 3072K, 0% used [0x00000000d5580000,0x00000000d5580000,0x00000000d5880000)
  from space 512K, 75% used [0x00000000d5980000,0x00000000d59e0000,0x00000000d5a00000)
  to   space 512K, 0% used [0x00000000d5900000,0x00000000d5900000,0x00000000d5980000)
 ParOldGen       total 929792K, used 929620K [0x0000000080000000, 0x00000000b8c00000, 0x00000000d5580000)
  object space 929792K, 99% used [0x0000000080000000,0x00000000b8bd5088,0x00000000b8c00000)
 Metaspace       used 67812K, committed 69504K, reserved 1114112K
  class space    used 6745K, committed 7488K, reserved 1048576K
}
Event: 173.732 GC heap before
{Heap before GC invocations=4419 (full 4):
 PSYoungGen      total 3584K, used 3456K [0x00000000d5580000, 0x00000000d5a00000, 0x0000000100000000)
  eden space 3072K, 100% used [0x00000000d5580000,0x00000000d5880000,0x00000000d5880000)
  from space 512K, 75% used [0x00000000d5980000,0x00000000d59e0000,0x00000000d5a00000)
  to   space 512K, 0% used [0x00000000d5900000,0x00000000d5900000,0x00000000d5980000)
 ParOldGen       total 929792K, used 929620K [0x0000000080000000, 0x00000000b8c00000, 0x00000000d5580000)
  object space 929792K, 99% used [0x0000000080000000,0x00000000b8bd5088,0x00000000b8c00000)
 Metaspace       used 67812K, committed 69504K, reserved 1114112K
  class space    used 6745K, committed 7488K, reserved 1048576K
}
Event: 173.736 GC heap after
{Heap after GC invocations=4419 (full 4):
 PSYoungGen      total 3584K, used 320K [0x00000000d5580000, 0x00000000d5a00000, 0x0000000100000000)
  eden space 3072K, 0% used [0x00000000d5580000,0x00000000d5580000,0x00000000d5880000)
  from space 512K, 62% used [0x00000000d5900000,0x00000000d5950000,0x00000000d5980000)
  to   space 512K, 0% used [0x00000000d5980000,0x00000000d5980000,0x00000000d5a00000)
 ParOldGen       total 930304K, used 929882K [0x0000000080000000, 0x00000000b8c80000, 0x00000000d5580000)
  object space 930304K, 99% used [0x0000000080000000,0x00000000b8c16ad8,0x00000000b8c80000)
 Metaspace       used 67812K, committed 69504K, reserved 1114112K
  class space    used 6745K, committed 7488K, reserved 1048576K
}
Event: 173.793 GC heap before
{Heap before GC invocations=4420 (full 4):
 PSYoungGen      total 3584K, used 3372K [0x00000000d5580000, 0x00000000d5a00000, 0x0000000100000000)
  eden space 3072K, 99% used [0x00000000d5580000,0x00000000d587b300,0x00000000d5880000)
  from space 512K, 62% used [0x00000000d5900000,0x00000000d5950000,0x00000000d5980000)
  to   space 512K, 0% used [0x00000000d5980000,0x00000000d5980000,0x00000000d5a00000)
 ParOldGen       total 930304K, used 929882K [0x0000000080000000, 0x00000000b8c80000, 0x00000000d5580000)
  object space 930304K, 99% used [0x0000000080000000,0x00000000b8c16ad8,0x00000000b8c80000)
 Metaspace       used 67822K, committed 69568K, reserved 1114112K
  class space    used 6745K, committed 7488K, reserved 1048576K
}
Event: 173.797 GC heap after
{Heap after GC invocations=4420 (full 4):
 PSYoungGen      total 3584K, used 256K [0x00000000d5580000, 0x00000000d5a00000, 0x0000000100000000)
  eden space 3072K, 0% used [0x00000000d5580000,0x00000000d5580000,0x00000000d5880000)
  from space 512K, 50% used [0x00000000d5980000,0x00000000d59c0000,0x00000000d5a00000)
  to   space 512K, 0% used [0x00000000d5900000,0x00000000d5900000,0x00000000d5980000)
 ParOldGen       total 930304K, used 929975K [0x0000000080000000, 0x00000000b8c80000, 0x00000000d5580000)
  object space 930304K, 99% used [0x0000000080000000,0x00000000b8c2df58,0x00000000b8c80000)
 Metaspace       used 67822K, committed 69568K, reserved 1114112K
  class space    used 6745K, committed 7488K, reserved 1048576K
}
Event: 173.819 GC heap before
{Heap before GC invocations=4421 (full 4):
 PSYoungGen      total 3584K, used 3328K [0x00000000d5580000, 0x00000000d5a00000, 0x0000000100000000)
  eden space 3072K, 100% used [0x00000000d5580000,0x00000000d5880000,0x00000000d5880000)
  from space 512K, 50% used [0x00000000d5980000,0x00000000d59c0000,0x00000000d5a00000)
  to   space 512K, 0% used [0x00000000d5900000,0x00000000d5900000,0x00000000d5980000)
 ParOldGen       total 930304K, used 929975K [0x0000000080000000, 0x00000000b8c80000, 0x00000000d5580000)
  object space 930304K, 99% used [0x0000000080000000,0x00000000b8c2df58,0x00000000b8c80000)
 Metaspace       used 67822K, committed 69568K, reserved 1114112K
  class space    used 6745K, committed 7488K, reserved 1048576K
}
Event: 173.822 GC heap after
{Heap after GC invocations=4421 (full 4):
 PSYoungGen      total 3584K, used 448K [0x00000000d5580000, 0x00000000d5a00000, 0x0000000100000000)
  eden space 3072K, 0% used [0x00000000d5580000,0x00000000d5580000,0x00000000d5880000)
  from space 512K, 87% used [0x00000000d5900000,0x00000000d5970000,0x00000000d5980000)
  to   space 512K, 0% used [0x00000000d5980000,0x00000000d5980000,0x00000000d5a00000)
 ParOldGen       total 930304K, used 930140K [0x0000000080000000, 0x00000000b8c80000, 0x00000000d5580000)
  object space 930304K, 99% used [0x0000000080000000,0x00000000b8c572c0,0x00000000b8c80000)
 Metaspace       used 67822K, committed 69568K, reserved 1114112K
  class space    used 6745K, committed 7488K, reserved 1048576K
}

Dll operation events (20 events):
Event: 0.019 Attempting to load shared library c:\Users\dell\.vscode\extensions\redhat.java-1.56.0-win32-x64\jre\21.0.12.1-win32-x86_64\bin\java.dll
Event: 0.019 Loaded shared library c:\Users\dell\.vscode\extensions\redhat.java-1.56.0-win32-x64\jre\21.0.12.1-win32-x86_64\bin\java.dll
Event: 0.128 Attempting to load shared library c:\Users\dell\.vscode\extensions\redhat.java-1.56.0-win32-x64\jre\21.0.12.1-win32-x86_64\bin\zip.dll
Event: 0.129 Loaded shared library c:\Users\dell\.vscode\extensions\redhat.java-1.56.0-win32-x64\jre\21.0.12.1-win32-x86_64\bin\zip.dll
Event: 0.173 Attempting to load shared library C:\Users\dell\.vscode\extensions\redhat.java-1.56.0-win32-x64\jre\21.0.12.1-win32-x86_64\bin\instrument.dll
Event: 0.173 Loaded shared library C:\Users\dell\.vscode\extensions\redhat.java-1.56.0-win32-x64\jre\21.0.12.1-win32-x86_64\bin\instrument.dll
Event: 0.183 Attempting to load shared library C:\Users\dell\.vscode\extensions\redhat.java-1.56.0-win32-x64\jre\21.0.12.1-win32-x86_64\bin\net.dll
Event: 0.185 Loaded shared library C:\Users\dell\.vscode\extensions\redhat.java-1.56.0-win32-x64\jre\21.0.12.1-win32-x86_64\bin\net.dll
Event: 0.189 Attempting to load shared library C:\Users\dell\.vscode\extensions\redhat.java-1.56.0-win32-x64\jre\21.0.12.1-win32-x86_64\bin\nio.dll
Event: 0.190 Loaded shared library C:\Users\dell\.vscode\extensions\redhat.java-1.56.0-win32-x64\jre\21.0.12.1-win32-x86_64\bin\nio.dll
Event: 0.197 Attempting to load shared library C:\Users\dell\.vscode\extensions\redhat.java-1.56.0-win32-x64\jre\21.0.12.1-win32-x86_64\bin\zip.dll
Event: 0.197 Loaded shared library C:\Users\dell\.vscode\extensions\redhat.java-1.56.0-win32-x64\jre\21.0.12.1-win32-x86_64\bin\zip.dll
Event: 0.252 Attempting to load shared library C:\Users\dell\.vscode\extensions\redhat.java-1.56.0-win32-x64\jre\21.0.12.1-win32-x86_64\bin\jimage.dll
Event: 0.252 Loaded shared library C:\Users\dell\.vscode\extensions\redhat.java-1.56.0-win32-x64\jre\21.0.12.1-win32-x86_64\bin\jimage.dll
Event: 0.434 Attempting to load shared library c:\Users\dell\.vscode\extensions\redhat.java-1.56.0-win32-x64\jre\21.0.12.1-win32-x86_64\bin\verify.dll
Event: 0.436 Loaded shared library c:\Users\dell\.vscode\extensions\redhat.java-1.56.0-win32-x64\jre\21.0.12.1-win32-x86_64\bin\verify.dll
Event: 2.187 Attempting to load shared library C:\Users\dell\AppData\Roaming\Code\User\globalStorage\redhat.java\1.56.0\config_win\org.eclipse.equinox.launcher\org.eclipse.equinox.launcher.win32.win32.x86_64_1.3.100.v20260804-1928\eclipse_11924.dll
Event: 2.188 Loaded shared library C:\Users\dell\AppData\Roaming\Code\User\globalStorage\redhat.java\1.56.0\config_win\org.eclipse.equinox.launcher\org.eclipse.equinox.launcher.win32.win32.x86_64_1.3.100.v20260804-1928\eclipse_11924.dll
Event: 5.765 Attempting to load shared library C:\Users\dell\AppData\Local\Temp\jna-3079617\jna16110767019047457514.dll
Event: 5.878 Loaded shared library C:\Users\dell\AppData\Local\Temp\jna-3079617\jna16110767019047457514.dll

Deoptimization events (20 events):
Event: 173.833 Thread 0x000002cadf6bb350 Uncommon trap: trap_request=0xffffffc6 fr.pc=0x000002ca8c230cf8 relative=0x0000000000002338
Event: 173.834 Thread 0x000002cadf6bb350 Uncommon trap: reason=bimorphic_or_optimized_type_check action=maybe_recompile pc=0x000002ca8c230cf8 method=java.lang.Throwable.lockedPrintStackTrace(Ljava/lang/Throwable$PrintStreamOrWriter;)V @ 131 c2
Event: 173.834 Thread 0x000002cadf6bb350 DEOPT PACKING pc=0x000002ca8c230cf8 sp=0x000000f3196fe270
Event: 173.834 Thread 0x000002cadf6bb350 DEOPT UNPACKING pc=0x000002ca8b0d3aa2 sp=0x000000f3196fe270 mode 2
Event: 173.835 Thread 0x000002cadf6bb350 Uncommon trap: trap_request=0xffffffc6 fr.pc=0x000002ca8c230cf8 relative=0x0000000000002338
Event: 173.835 Thread 0x000002cadf6bb350 Uncommon trap: reason=bimorphic_or_optimized_type_check action=maybe_recompile pc=0x000002ca8c230cf8 method=java.lang.Throwable.lockedPrintStackTrace(Ljava/lang/Throwable$PrintStreamOrWriter;)V @ 131 c2
Event: 173.835 Thread 0x000002cadf6bb350 DEOPT PACKING pc=0x000002ca8c230cf8 sp=0x000000f3196fe3c0
Event: 173.835 Thread 0x000002cadf6bb350 DEOPT UNPACKING pc=0x000002ca8b0d3aa2 sp=0x000000f3196fe3c0 mode 2
Event: 173.835 Thread 0x000002cadf6bb350 Uncommon trap: trap_request=0xffffffde fr.pc=0x000002ca8b9baa78 relative=0x0000000000000058
Event: 173.835 Thread 0x000002cadf6bb350 Uncommon trap: reason=class_check action=maybe_recompile pc=0x000002ca8b9baa78 method=org.eclipse.core.internal.runtime.PrintStackUtil.printChildren(Lorg/eclipse/core/runtime/IStatus;Ljava/io/PrintWriter;)V @ 1 c2
Event: 173.835 Thread 0x000002cadf6bb350 DEOPT PACKING pc=0x000002ca8b9baa78 sp=0x000000f3196fe4c0
Event: 173.835 Thread 0x000002cadf6bb350 DEOPT UNPACKING pc=0x000002ca8b0d3aa2 sp=0x000000f3196fe420 mode 2
Event: 173.836 Thread 0x000002cadf6bb350 Uncommon trap: trap_request=0xffffffde fr.pc=0x000002ca8b9baa78 relative=0x0000000000000058
Event: 173.836 Thread 0x000002cadf6bb350 Uncommon trap: reason=class_check action=maybe_recompile pc=0x000002ca8b9baa78 method=org.eclipse.core.internal.runtime.PrintStackUtil.printChildren(Lorg/eclipse/core/runtime/IStatus;Ljava/io/PrintWriter;)V @ 1 c2
Event: 173.836 Thread 0x000002cadf6bb350 DEOPT PACKING pc=0x000002ca8b9baa78 sp=0x000000f3196fe410
Event: 173.836 Thread 0x000002cadf6bb350 DEOPT UNPACKING pc=0x000002ca8b0d3aa2 sp=0x000000f3196fe380 mode 2
Event: 173.836 Thread 0x000002cadf6bb350 Uncommon trap: trap_request=0xffffff45 fr.pc=0x000002ca8c36edc8 relative=0x00000000000086e8
Event: 173.836 Thread 0x000002cadf6bb350 Uncommon trap: reason=unstable_if action=reinterpret pc=0x000002ca8c36edc8 method=org.eclipse.jdt.ls.core.internal.handlers.LogHandler.processLogMessage(Lorg/eclipse/core/runtime/IStatus;)V @ 287 c2
Event: 173.836 Thread 0x000002cadf6bb350 DEOPT PACKING pc=0x000002ca8c36edc8 sp=0x000000f3196fe5a0
Event: 173.836 Thread 0x000002cadf6bb350 DEOPT UNPACKING pc=0x000002ca8b0d3aa2 sp=0x000000f3196fe4d0 mode 2

Classes loaded (20 events):
Event: 71.838 Loading class java/util/stream/Nodes$CollectorTask$OfRef
Event: 71.838 Loading class java/util/stream/Nodes$CollectorTask
Event: 71.843 Loading class java/util/stream/Nodes$CollectorTask done
Event: 71.844 Loading class java/util/stream/Nodes$CollectorTask$OfRef done
Event: 71.848 Loading class java/util/function/LongFunction
Event: 71.848 Loading class java/util/function/LongFunction done
Event: 71.849 Loading class java/util/stream/Nodes$ConcNode
Event: 71.849 Loading class java/util/stream/Nodes$AbstractConcNode
Event: 71.849 Loading class java/util/stream/Nodes$AbstractConcNode done
Event: 71.849 Loading class java/util/stream/Nodes$ConcNode done
Event: 71.868 Loading class java/util/stream/Nodes$ToArrayTask$OfRef
Event: 71.868 Loading class java/util/stream/Nodes$ToArrayTask
Event: 71.870 Loading class java/util/stream/Nodes$ToArrayTask done
Event: 71.870 Loading class java/util/stream/Nodes$ToArrayTask$OfRef done
Event: 71.875 Loading class java/io/ObjectOutputStream$BlockDataOutputStream
Event: 71.876 Loading class java/io/ObjectOutputStream$BlockDataOutputStream done
Event: 71.876 Loading class java/io/ObjectOutputStream$HandleTable
Event: 71.876 Loading class java/io/ObjectOutputStream$HandleTable done
Event: 71.876 Loading class java/io/ObjectOutputStream$ReplaceTable
Event: 71.876 Loading class java/io/ObjectOutputStream$ReplaceTable done

Classes unloaded (20 events):
Event: 9.062 Thread 0x000002ca809fecd0 Unloading class 0x000002ca99318000 'java/lang/invoke/LambdaForm$MH+0x000002ca99318000'
Event: 9.062 Thread 0x000002ca809fecd0 Unloading class 0x000002ca99313800 'java/lang/invoke/LambdaForm$MH+0x000002ca99313800'
Event: 9.062 Thread 0x000002ca809fecd0 Unloading class 0x000002ca99313000 'java/lang/invoke/LambdaForm$MH+0x000002ca99313000'
Event: 18.581 Thread 0x000002ca809fecd0 Unloading class 0x000002ca9969a800 'java/lang/invoke/LambdaForm$MH+0x000002ca9969a800'
Event: 18.581 Thread 0x000002ca809fecd0 Unloading class 0x000002ca99699c00 'java/lang/invoke/LambdaForm$MH+0x000002ca99699c00'
Event: 18.581 Thread 0x000002ca809fecd0 Unloading class 0x000002ca99699800 'java/lang/invoke/LambdaForm$MH+0x000002ca99699800'
Event: 71.951 Thread 0x000002ca809fecd0 Unloading class 0x000002ca996f0c00 'java/lang/invoke/LambdaForm$DMH+0x000002ca996f0c00'
Event: 71.951 Thread 0x000002ca809fecd0 Unloading class 0x000002ca996f0000 'java/lang/invoke/LambdaForm$DMH+0x000002ca996f0000'
Event: 71.951 Thread 0x000002ca809fecd0 Unloading class 0x000002ca996da800 'java/lang/invoke/LambdaForm$MH+0x000002ca996da800'
Event: 71.951 Thread 0x000002ca809fecd0 Unloading class 0x000002ca996d9c00 'java/lang/invoke/LambdaForm$DMH+0x000002ca996d9c00'
Event: 71.951 Thread 0x000002ca809fecd0 Unloading class 0x000002ca996d9400 'java/lang/invoke/LambdaForm$MH+0x000002ca996d9400'
Event: 71.951 Thread 0x000002ca809fecd0 Unloading class 0x000002ca996d9000 'java/lang/invoke/LambdaForm$DMH+0x000002ca996d9000'
Event: 71.951 Thread 0x000002ca809fecd0 Unloading class 0x000002ca996d8800 'java/lang/invoke/LambdaForm$MH+0x000002ca996d8800'
Event: 71.951 Thread 0x000002ca809fecd0 Unloading class 0x000002ca996d3c00 'java/lang/invoke/LambdaForm$MH+0x000002ca996d3c00'
Event: 71.951 Thread 0x000002ca809fecd0 Unloading class 0x000002ca996d3400 'java/lang/invoke/LambdaForm$MH+0x000002ca996d3400'
Event: 71.951 Thread 0x000002ca809fecd0 Unloading class 0x000002ca996d3000 'java/lang/invoke/LambdaForm$MH+0x000002ca996d3000'
Event: 71.951 Thread 0x000002ca809fecd0 Unloading class 0x000002ca996d2400 'java/lang/invoke/LambdaForm$MH+0x000002ca996d2400'
Event: 71.951 Thread 0x000002ca809fecd0 Unloading class 0x000002ca996d2000 'java/lang/invoke/LambdaForm$DMH+0x000002ca996d2000'
Event: 71.951 Thread 0x000002ca809fecd0 Unloading class 0x000002ca996d1800 'java/lang/invoke/LambdaForm$MH+0x000002ca996d1800'
Event: 71.951 Thread 0x000002ca809fecd0 Unloading class 0x000002ca996d0c00 'java/lang/invoke/LambdaForm$MH+0x000002ca996d0c00'

Classes redefined (0 events):
No events

Internal exceptions (20 events):
Event: 173.662 Thread 0x000002cae1498f70 Exception <a 'sun/nio/fs/WindowsException'{0x00000000d56ec718}> (0x00000000d56ec718) 
thrown [s\src\hotspot\share\prims\jni.cpp, line 520]
Event: 173.662 Thread 0x000002cae1498f70 Exception <a 'sun/nio/fs/WindowsException'{0x00000000d56ecb20}> (0x00000000d56ecb20) 
thrown [s\src\hotspot\share\prims\jni.cpp, line 520]
Event: 173.663 Thread 0x000002cae1498f70 Exception <a 'sun/nio/fs/WindowsException'{0x00000000d56ed588}> (0x00000000d56ed588) 
thrown [s\src\hotspot\share\prims\jni.cpp, line 520]
Event: 173.663 Thread 0x000002cae1498f70 Exception <a 'sun/nio/fs/WindowsException'{0x00000000d56f4888}> (0x00000000d56f4888) 
thrown [s\src\hotspot\share\prims\jni.cpp, line 520]
Event: 173.667 Thread 0x000002cadf6bb350 Exception <a 'sun/nio/fs/WindowsException'{0x00000000d57e6ba8}> (0x00000000d57e6ba8) 
thrown [s\src\hotspot\share\prims\jni.cpp, line 520]
Event: 173.673 Thread 0x000002cae1498f70 Exception <a 'sun/nio/fs/WindowsException'{0x00000000d5870b30}> (0x00000000d5870b30) 
thrown [s\src\hotspot\share\prims\jni.cpp, line 520]
Event: 173.673 Thread 0x000002cae1498f70 Exception <a 'sun/nio/fs/WindowsException'{0x00000000d5870fa0}> (0x00000000d5870fa0) 
thrown [s\src\hotspot\share\prims\jni.cpp, line 520]
Event: 173.674 Thread 0x000002cae1498f70 Exception <a 'sun/nio/fs/WindowsException'{0x00000000d58719b0}> (0x00000000d58719b0) 
thrown [s\src\hotspot\share\prims\jni.cpp, line 520]
Event: 173.674 Thread 0x000002cae1498f70 Exception <a 'sun/nio/fs/WindowsException'{0x00000000d5872060}> (0x00000000d5872060) 
thrown [s\src\hotspot\share\prims\jni.cpp, line 520]
Event: 173.674 Thread 0x000002cae1498f70 Exception <a 'sun/nio/fs/WindowsException'{0x00000000d5879438}> (0x00000000d5879438) 
thrown [s\src\hotspot\share\prims\jni.cpp, line 520]
Event: 173.674 Thread 0x000002cae1498f70 Exception <a 'sun/nio/fs/WindowsException'{0x00000000d587fe40}> (0x00000000d587fe40) 
thrown [s\src\hotspot\share\prims\jni.cpp, line 520]
Event: 173.679 Thread 0x000002cae1498f70 Exception <a 'sun/nio/fs/WindowsException'{0x00000000d5588c10}> (0x00000000d5588c10) 
thrown [s\src\hotspot\share\prims\jni.cpp, line 520]
Event: 173.679 Thread 0x000002cae1498f70 Exception <a 'sun/nio/fs/WindowsException'{0x00000000d5589080}> (0x00000000d5589080) 
thrown [s\src\hotspot\share\prims\jni.cpp, line 520]
Event: 173.685 Thread 0x000002cae3673af0 Exception <a 'java/io/IOException'{0x00000000d56e9e00}> (0x00000000d56e9e00) 
thrown [s\src\hotspot\share\prims\jni.cpp, line 520]
Event: 173.690 Thread 0x000002cadf6bb350 Exception <a 'java/io/IOException'{0x00000000d574f008}> (0x00000000d574f008) 
thrown [s\src\hotspot\share\prims\jni.cpp, line 520]
Event: 173.696 Thread 0x000002cae1498f70 Exception <a 'sun/nio/fs/WindowsException'{0x00000000d579a6b8}> (0x00000000d579a6b8) 
thrown [s\src\hotspot\share\prims\jni.cpp, line 520]
Event: 173.697 Thread 0x000002cae1498f70 Exception <a 'sun/nio/fs/WindowsException'{0x00000000d579ab28}> (0x00000000d579ab28) 
thrown [s\src\hotspot\share\prims\jni.cpp, line 520]
Event: 173.698 Thread 0x000002cae1498f70 Exception <a 'sun/nio/fs/WindowsException'{0x00000000d57a9230}> (0x00000000d57a9230) 
thrown [s\src\hotspot\share\prims\jni.cpp, line 520]
Event: 173.699 Thread 0x000002cae1498f70 Exception <a 'sun/nio/fs/WindowsException'{0x00000000d57a96a0}> (0x00000000d57a96a0) 
thrown [s\src\hotspot\share\prims\jni.cpp, line 520]
Event: 173.738 Thread 0x000002cadf6b9280 Exception <a 'sun/nio/fs/WindowsException'{0x00000000d559a640}> (0x00000000d559a640) 
thrown [s\src\hotspot\share\prims\jni.cpp, line 520]

ZGC Phase Switch (0 events):
No events

VM Operations (20 events):
Event: 173.168 Executing safepoint VM operation: ParallelGCFailedAllocation (Allocation Failure)
Event: 173.170 Executing safepoint VM operation: ParallelGCFailedAllocation (Allocation Failure) done
Event: 173.250 Executing safepoint VM operation: ParallelGCFailedAllocation (Allocation Failure)
Event: 173.253 Executing safepoint VM operation: ParallelGCFailedAllocation (Allocation Failure) done
Event: 173.336 Executing safepoint VM operation: ParallelGCFailedAllocation (Allocation Failure)
Event: 173.338 Executing safepoint VM operation: ParallelGCFailedAllocation (Allocation Failure) done
Event: 173.371 Executing safepoint VM operation: ParallelGCFailedAllocation (Allocation Failure)
Event: 173.374 Executing safepoint VM operation: ParallelGCFailedAllocation (Allocation Failure) done
Event: 173.456 Executing safepoint VM operation: ParallelGCFailedAllocation (Allocation Failure)
Event: 173.459 Executing safepoint VM operation: ParallelGCFailedAllocation (Allocation Failure) done
Event: 173.597 Executing safepoint VM operation: ParallelGCFailedAllocation (Allocation Failure)
Event: 173.601 Executing safepoint VM operation: ParallelGCFailedAllocation (Allocation Failure) done
Event: 173.674 Executing safepoint VM operation: ParallelGCFailedAllocation (Allocation Failure)
Event: 173.678 Executing safepoint VM operation: ParallelGCFailedAllocation (Allocation Failure) done
Event: 173.732 Executing safepoint VM operation: ParallelGCFailedAllocation (Allocation Failure)
Event: 173.736 Executing safepoint VM operation: ParallelGCFailedAllocation (Allocation Failure) done
Event: 173.793 Executing safepoint VM operation: ParallelGCFailedAllocation (Allocation Failure)
Event: 173.797 Executing safepoint VM operation: ParallelGCFailedAllocation (Allocation Failure) done
Event: 173.819 Executing safepoint VM operation: ParallelGCFailedAllocation (Allocation Failure)
Event: 173.822 Executing safepoint VM operation: ParallelGCFailedAllocation (Allocation Failure) done

Memory protections (0 events):
No events

Nmethod flushes (20 events):
Event: 72.048 Thread 0x000002ca809fecd0 flushing  nmethod 0x000002ca84df3310
Event: 72.048 Thread 0x000002ca809fecd0 flushing  nmethod 0x000002ca84dffa10
Event: 72.048 Thread 0x000002ca809fecd0 flushing  nmethod 0x000002ca84e0b090
Event: 72.048 Thread 0x000002ca809fecd0 flushing  nmethod 0x000002ca84e0ba10
Event: 72.048 Thread 0x000002ca809fecd0 flushing  nmethod 0x000002ca84e0d890
Event: 72.048 Thread 0x000002ca809fecd0 flushing  nmethod 0x000002ca84e14710
Event: 72.048 Thread 0x000002ca809fecd0 flushing  nmethod 0x000002ca84e15210
Event: 72.048 Thread 0x000002ca809fecd0 flushing  nmethod 0x000002ca84e16690
Event: 72.048 Thread 0x000002ca809fecd0 flushing  nmethod 0x000002ca84e1af10
Event: 72.048 Thread 0x000002ca809fecd0 flushing  nmethod 0x000002ca84e2b910
Event: 72.048 Thread 0x000002ca809fecd0 flushing  nmethod 0x000002ca84e2c810
Event: 72.048 Thread 0x000002ca809fecd0 flushing  nmethod 0x000002ca84e4e790
Event: 72.048 Thread 0x000002ca809fecd0 flushing  nmethod 0x000002ca84e55a10
Event: 72.048 Thread 0x000002ca809fecd0 flushing  nmethod 0x000002ca84e5d510
Event: 72.048 Thread 0x000002ca809fecd0 flushing  nmethod 0x000002ca84e5e590
Event: 72.048 Thread 0x000002ca809fecd0 flushing osr nmethod 0x000002ca84e60c10
Event: 72.048 Thread 0x000002ca809fecd0 flushing  nmethod 0x000002ca84e6fb90
Event: 72.048 Thread 0x000002ca809fecd0 flushing  nmethod 0x000002ca84e9d690
Event: 72.048 Thread 0x000002ca809fecd0 flushing osr nmethod 0x000002ca84ec5e10
Event: 72.048 Thread 0x000002ca809fecd0 flushing  nmethod 0x000002ca84ee7a10

Events (20 events):
Event: 167.208 Thread 0x000002cadf6b6490 Thread added: 0x000002cae1498250
Event: 167.378 Thread 0x000002cae1498250 Thread exited: 0x000002cae1498250
Event: 167.679 Thread 0x000002cadf6b8bf0 Thread added: 0x000002cae1497530
Event: 167.885 Thread 0x000002cae1497530 Thread exited: 0x000002cae1497530
Event: 168.112 Thread 0x000002cae3673460 Thread added: 0x000002cae1497530
Event: 168.397 Thread 0x000002cae1497530 Thread exited: 0x000002cae1497530
Event: 169.162 Thread 0x000002cadf6b5e00 Thread added: 0x000002cae1497530
Event: 169.525 Thread 0x000002cae1497530 Thread exited: 0x000002cae1497530
Event: 169.795 Thread 0x000002cae1499600 Thread added: 0x000002cae1497530
Event: 169.931 Thread 0x000002cae1497530 Thread exited: 0x000002cae1497530
Event: 170.208 Thread 0x000002cae0f9c290 Thread added: 0x000002cae1497530
Event: 170.420 Thread 0x000002cae1497530 Thread exited: 0x000002cae1497530
Event: 170.748 Thread 0x000002cadf6b8560 Thread added: 0x000002cae1497530
Event: 170.924 Thread 0x000002cae1497530 Thread exited: 0x000002cae1497530
Event: 171.464 Thread 0x000002cae0f9dcd0 Thread added: 0x000002cae1497bc0
Event: 171.752 Thread 0x000002cae1497bc0 Thread exited: 0x000002cae1497bc0
Event: 172.363 Thread 0x000002cae3671a20 Thread added: 0x000002cae1497530
Event: 172.780 Thread 0x000002cae1497530 Thread exited: 0x000002cae1497530
Event: 173.073 Thread 0x000002cae0f9c290 Thread added: 0x000002cae1498250
Event: 173.298 Thread 0x000002cae1498250 Thread exited: 0x000002cae1498250


Dynamic libraries:
0x00007ff705cd0000 - 0x00007ff705cde000 	c:\Users\dell\.vscode\extensions\redhat.java-1.56.0-win32-x64\jre\21.0.12.1-win32-x86_64\bin\java.exe
0x00007ffaf6200000 - 0x00007ffaf6467000 	C:\WINDOWS\SYSTEM32\ntdll.dll
0x00007ffaf5190000 - 0x00007ffaf525a000 	C:\WINDOWS\System32\KERNEL32.DLL
0x00007ffaf34a0000 - 0x00007ffaf38a2000 	C:\WINDOWS\System32\KERNELBASE.dll
0x00007ffaf3b80000 - 0x00007ffaf3ccc000 	C:\WINDOWS\System32\ucrtbase.dll
0x00007ffa26ab0000 - 0x00007ffa26ac8000 	c:\Users\dell\.vscode\extensions\redhat.java-1.56.0-win32-x64\jre\21.0.12.1-win32-x86_64\bin\jli.dll
0x00007ffa26ad0000 - 0x00007ffa26aee000 	c:\Users\dell\.vscode\extensions\redhat.java-1.56.0-win32-x64\jre\21.0.12.1-win32-x86_64\bin\VCRUNTIME140.dll
0x00007ffaf5f30000 - 0x00007ffaf60ff000 	C:\WINDOWS\System32\USER32.dll
0x00007ffad2bb0000 - 0x00007ffad2e40000 	C:\WINDOWS\WinSxS\amd64_microsoft.windows.common-controls_6595b64144ccf1df_6.0.26100.9278_none_3e0d1ba8e3303201\COMCTL32.dll
0x00007ffaf3a20000 - 0x00007ffaf3a47000 	C:\WINDOWS\System32\win32u.dll
0x00007ffaf5790000 - 0x00007ffaf5839000 	C:\WINDOWS\System32\msvcrt.dll
0x00007ffaf4dc0000 - 0x00007ffaf4deb000 	C:\WINDOWS\System32\GDI32.dll
0x00007ffaf3a50000 - 0x00007ffaf3b79000 	C:\WINDOWS\System32\gdi32full.dll
0x00007ffaf38b0000 - 0x00007ffaf3953000 	C:\WINDOWS\System32\msvcp_win.dll
0x00007ffaf5d30000 - 0x00007ffaf5d61000 	C:\WINDOWS\System32\IMM32.DLL
0x00007ffac1430000 - 0x00007ffac1522000 	C:\Program Files\Windhawk\Engine\1.7.3\64\windhawk.dll
0x00007ffaf5260000 - 0x00007ffaf531c000 	C:\WINDOWS\System32\ADVAPI32.dll
0x00007ffaf5840000 - 0x00007ffaf58e9000 	C:\WINDOWS\System32\sechost.dll
0x00007ffaf4e60000 - 0x00007ffaf4f78000 	C:\WINDOWS\System32\RPCRT4.dll
0x00007ffac13e0000 - 0x00007ffac1424000 	C:\ProgramData\Windhawk\Engine\Mods\64\translucent-windows_1.8.0_889002.dll
0x00007ffaf4520000 - 0x00007ffaf461b000 	C:\WINDOWS\System32\SHCORE.dll
0x00007ffaeffa0000 - 0x00007ffaf0047000 	C:\WINDOWS\SYSTEM32\UxTheme.dll
0x00007ffad2e60000 - 0x00007ffad2e68000 	C:\WINDOWS\SYSTEM32\MSIMG32.dll
0x00007ffaf58f0000 - 0x00007ffaf5c74000 	C:\WINDOWS\System32\combase.dll
0x00007ffaf0230000 - 0x00007ffaf025f000 	C:\WINDOWS\SYSTEM32\dwmapi.dll
0x00007ffac11f0000 - 0x00007ffac1399000 	C:\ProgramData\Windhawk\Engine\Mods\64\libc++.whl
0x00007ffaddbc0000 - 0x00007ffaddbcb000 	C:\WINDOWS\SYSTEM32\VERSION.dll
0x00007ffac13a0000 - 0x00007ffac13da000 	C:\ProgramData\Windhawk\Engine\Mods\64\libunwind.whl
0x00007ffaeeb00000 - 0x00007ffaef13a000 	C:\WINDOWS\SYSTEM32\d2d1.dll
0x00007ffac1040000 - 0x00007ffac11ea000 	C:\WINDOWS\SYSTEM32\dui70.dll
0x00007ffac0d20000 - 0x00007ffac1038000 	C:\WINDOWS\SYSTEM32\ExplorerFrame.dll
0x00007ffaf4620000 - 0x00007ffaf4db8000 	C:\WINDOWS\System32\SHELL32.dll
0x00007ffaf4df0000 - 0x00007ffaf4e56000 	C:\WINDOWS\System32\SHLWAPI.dll
0x00007ffaf3290000 - 0x00007ffaf32ee000 	C:\WINDOWS\SYSTEM32\powrprof.dll
0x00007ffaf3270000 - 0x00007ffaf3285000 	C:\WINDOWS\SYSTEM32\UMPDC.dll
0x00007ffaf54e0000 - 0x00007ffaf55d5000 	C:\WINDOWS\System32\comdlg32.dll
0x00007ffac0b50000 - 0x00007ffac0b85000 	C:\WINDOWS\SYSTEM32\winbrand.dll
0x00007ffac0960000 - 0x00007ffac0989000 	C:\ProgramData\Windhawk\Engine\Mods\64\macos-minimize-animation_3.1.4_708893.dll
0x00007ffaf5d70000 - 0x00007ffaf5f09000 	C:\WINDOWS\System32\ole32.dll
0x00007ffaf5400000 - 0x00007ffaf54d9000 	C:\WINDOWS\System32\OLEAUT32.dll
0x00007ffaa58e0000 - 0x00007ffaa58ec000 	c:\Users\dell\.vscode\extensions\redhat.java-1.56.0-win32-x64\jre\21.0.12.1-win32-x86_64\bin\vcruntime140_1.dll
0x00007ffa1c200000 - 0x00007ffa1c28d000 	c:\Users\dell\.vscode\extensions\redhat.java-1.56.0-win32-x64\jre\21.0.12.1-win32-x86_64\bin\msvcp140.dll
0x00007ffa16c00000 - 0x00007ffa179a2000 	c:\Users\dell\.vscode\extensions\redhat.java-1.56.0-win32-x64\jre\21.0.12.1-win32-x86_64\bin\server\jvm.dll
0x00007ffaf6120000 - 0x00007ffaf61a0000 	C:\WINDOWS\System32\WS2_32.dll
0x00007ffaeda20000 - 0x00007ffaeda56000 	C:\WINDOWS\SYSTEM32\WINMM.dll
0x00007ffaf20c0000 - 0x00007ffaf20db000 	C:\WINDOWS\SYSTEM32\kernel.appcore.dll
0x00007ffa26db0000 - 0x00007ffa26dba000 	c:\Users\dell\.vscode\extensions\redhat.java-1.56.0-win32-x64\jre\21.0.12.1-win32-x86_64\bin\jimage.dll
0x00007ffaf07d0000 - 0x00007ffaf0a12000 	C:\WINDOWS\SYSTEM32\DBGHELP.DLL
0x00007ffac5e10000 - 0x00007ffac5e4b000 	C:\WINDOWS\SYSTEM32\dbgcore.DLL
0x00007ffaf3ce0000 - 0x00007ffaf3d8c000 	C:\WINDOWS\System32\bcryptPrimitives.dll
0x00007ffa23430000 - 0x00007ffa2343f000 	c:\Users\dell\.vscode\extensions\redhat.java-1.56.0-win32-x64\jre\21.0.12.1-win32-x86_64\bin\instrument.dll
0x00007ffa1c1e0000 - 0x00007ffa1c200000 	c:\Users\dell\.vscode\extensions\redhat.java-1.56.0-win32-x64\jre\21.0.12.1-win32-x86_64\bin\java.dll
0x00007ffaf0cf0000 - 0x00007ffaf159e000 	C:\WINDOWS\SYSTEM32\windows.storage.dll
0x00007ffaf3330000 - 0x00007ffaf3359000 	C:\WINDOWS\SYSTEM32\profapi.dll
0x00007ffa1c1b0000 - 0x00007ffa1c1c8000 	c:\Users\dell\.vscode\extensions\redhat.java-1.56.0-win32-x64\jre\21.0.12.1-win32-x86_64\bin\zip.dll
0x00007ffa1c1a0000 - 0x00007ffa1c1b0000 	C:\Users\dell\.vscode\extensions\redhat.java-1.56.0-win32-x64\jre\21.0.12.1-win32-x86_64\bin\net.dll
0x00007ffae7ca0000 - 0x00007ffae7dca000 	C:\WINDOWS\SYSTEM32\WINHTTP.dll
0x00007ffaf26a0000 - 0x00007ffaf270c000 	C:\WINDOWS\system32\mswsock.dll
0x00007ffa1c180000 - 0x00007ffa1c196000 	C:\Users\dell\.vscode\extensions\redhat.java-1.56.0-win32-x64\jre\21.0.12.1-win32-x86_64\bin\nio.dll
0x00007ffa1c170000 - 0x00007ffa1c180000 	c:\Users\dell\.vscode\extensions\redhat.java-1.56.0-win32-x64\jre\21.0.12.1-win32-x86_64\bin\verify.dll
0x00007ffa6a330000 - 0x00007ffa6a375000 	C:\Users\dell\AppData\Roaming\Code\User\globalStorage\redhat.java\1.56.0\config_win\org.eclipse.equinox.launcher\org.eclipse.equinox.launcher.win32.win32.x86_64_1.3.100.v20260804-1928\eclipse_11924.dll
0x00007ffaf2990000 - 0x00007ffaf29ab000 	C:\WINDOWS\SYSTEM32\CRYPTSP.dll
0x00007ffaf2010000 - 0x00007ffaf2049000 	C:\WINDOWS\system32\rsaenh.dll
0x00007ffaf2750000 - 0x00007ffaf2784000 	C:\WINDOWS\SYSTEM32\USERENV.dll
0x00007ffaf3300000 - 0x00007ffaf332a000 	C:\WINDOWS\SYSTEM32\bcrypt.dll
0x00007ffaf29b0000 - 0x00007ffaf29bc000 	C:\WINDOWS\SYSTEM32\CRYPTBASE.dll
0x00007ffaf1a50000 - 0x00007ffaf1a83000 	C:\WINDOWS\SYSTEM32\IPHLPAPI.DLL
0x00007ffaf61b0000 - 0x00007ffaf61ba000 	C:\WINDOWS\System32\NSI.dll
0x00007ffaa1290000 - 0x00007ffaa12d9000 	C:\Users\dell\AppData\Local\Temp\jna-3079617\jna16110767019047457514.dll
0x00007ffaf6110000 - 0x00007ffaf6118000 	C:\WINDOWS\System32\PSAPI.DLL
0x00007ffae9d00000 - 0x00007ffae9d1d000 	C:\WINDOWS\SYSTEM32\dhcpcsvc6.DLL
0x00007ffae9cd0000 - 0x00007ffae9cf5000 	C:\WINDOWS\SYSTEM32\dhcpcsvc.DLL

JVMTI agents:
c:\Users\dell\.vscode\extensions\redhat.java-1.56.0-win32-x64\lombok\lombok-1.18.39-4050.jar path:c:\Users\dell\.vscode\extensions\redhat.java-1.56.0-win32-x64\jre\21.0.12.1-win32-x86_64\bin\instrument.dll, loaded, initialized, instrumentlib options:none

dbghelp: loaded successfully - version: 4.0.5 - missing functions: none
symbol engine: initialized successfully - sym options: 0x614 - pdb path: .;c:\Users\dell\.vscode\extensions\redhat.java-1.56.0-win32-x64\jre\21.0.12.1-win32-x86_64\bin;C:\WINDOWS\SYSTEM32;C:\WINDOWS\WinSxS\amd64_microsoft.windows.common-controls_6595b64144ccf1df_6.0.26100.9278_none_3e0d1ba8e3303201;C:\Program Files\Windhawk\Engine\1.7.3\64;C:\ProgramData\Windhawk\Engine\Mods\64;c:\Users\dell\.vscode\extensions\redhat.java-1.56.0-win32-x64\jre\21.0.12.1-win32-x86_64\bin\server;C:\Users\dell\AppData\Roaming\Code\User\globalStorage\redhat.java\1.56.0\config_win\org.eclipse.equinox.launcher\org.eclipse.equinox.launcher.win32.win32.x86_64_1.3.100.v20260804-1928;C:\Users\dell\AppData\Local\Temp\jna-3079617

VM Arguments:
jvm_args: --add-modules=ALL-SYSTEM --add-opens=java.base/java.util=ALL-UNNAMED --add-opens=java.base/java.lang=ALL-UNNAMED --add-opens=java.base/sun.nio.fs=ALL-UNNAMED -Declipse.application=org.eclipse.jdt.ls.core.id1 -Dosgi.bundles.defaultStartLevel=4 -Declipse.product=org.eclipse.jdt.ls.core.product -Djava.import.generatesMetadataFilesAtProjectRoot=false -Dm2e.project.cache.size=50 -DDetectVMInstallationsJob.disabled=true -Dfile.encoding=utf8 -XX:+UseParallelGC -XX:GCTimeRatio=4 -XX:AdaptiveSizePolicyWeight=90 -Dsun.zip.disableMemoryMapping=true -Xmx2G -Xms100m -Xlog:disable -javaagent:c:\Users\dell\.vscode\extensions\redhat.java-1.56.0-win32-x64\lombok\lombok-1.18.39-4050.jar -XX:+HeapDumpOnOutOfMemoryError -XX:HeapDumpPath=c:\Users\dell\AppData\Roaming\Code\User\workspaceStorage\b64c8d13e47ae0e6c0b0523542beb4c7\redhat.java -Daether.dependencyCollector.impl=bf 
java_command: c:\Users\dell\.vscode\extensions\redhat.java-1.56.0-win32-x64\server\plugins\org.eclipse.equinox.launcher_1.8.0.v20260804-1928.jar -configuration c:\Users\dell\AppData\Roaming\Code\User\globalStorage\redhat.java\1.56.0\config_win -data c:\Users\dell\AppData\Roaming\Code\User\workspaceStorage\b64c8d13e47ae0e6c0b0523542beb4c7\redhat.java\jdt_ws --stdio
java_class_path (initial): c:\Users\dell\.vscode\extensions\redhat.java-1.56.0-win32-x64\server\plugins\org.eclipse.equinox.launcher_1.8.0.v20260804-1928.jar
Launcher Type: SUN_STANDARD

[Global flags]
    uintx AdaptiveSizePolicyWeight                 = 90                                        {product} {command line}
     intx CICompilerCount                          = 4                                         {product} {ergonomic}
    uintx GCTimeRatio                              = 4                                         {product} {command line}
     bool HeapDumpOnOutOfMemoryError               = true                                   {manageable} {command line}
    ccstr HeapDumpPath                             = c:\Users\dell\AppData\Roaming\Code\User\workspaceStorage\b64c8d13e47ae0e6c0b0523542beb4c7\redhat.java         {manageable} {command line}
   size_t InitialHeapSize                          = 104857600                                 {product} {command line}
   size_t MaxHeapSize                              = 2147483648                                {product} {command line}
   size_t MaxNewSize                               = 715653120                                 {product} {ergonomic}
   size_t MinHeapDeltaBytes                        = 524288                                    {product} {ergonomic}
   size_t MinHeapSize                              = 104857600                                 {product} {command line}
   size_t NewSize                                  = 34603008                                  {product} {ergonomic}
    uintx NonNMethodCodeHeapSize                   = 5839372                                {pd product} {ergonomic}
    uintx NonProfiledCodeHeapSize                  = 122909434                              {pd product} {ergonomic}
   size_t OldSize                                  = 70254592                                  {product} {ergonomic}
    uintx ProfiledCodeHeapSize                     = 122909434                              {pd product} {ergonomic}
    uintx ReservedCodeCacheSize                    = 251658240                              {pd product} {ergonomic}
     bool SegmentedCodeCache                       = true                                      {product} {ergonomic}
   size_t SoftMaxHeapSize                          = 2147483648                             {manageable} {ergonomic}
     bool UseCompressedOops                        = true                           {product lp64_product} {ergonomic}
     bool UseLargePagesIndividualAllocation        = false                                  {pd product} {ergonomic}
     bool UseParallelGC                            = true                                      {product} {command line}

Logging:
Log output configuration:
 #0: stdout all=off uptime,level,tags foldmultilines=false
 #1: stderr all=off uptime,level,tags foldmultilines=false

Release file:
JAVA_VERSION="21.0.12.1" 
MODULES="java.base java.compiler java.datatransfer java.xml java.prefs java.desktop java.instrument java.logging java.management java.security.sasl java.naming java.rmi java.management.rmi java.net.http java.scripting java.security.jgss java.transaction.xa java.sql java.sql.rowset java.xml.crypto java.se java.smartcardio jdk.accessibility jdk.internal.jvmstat jdk.attach jdk.charsets jdk.internal.opt jdk.zipfs jdk.compiler jdk.crypto.ec jdk.crypto.cryptoki jdk.crypto.mscapi jdk.dynalink jdk.internal.ed jdk.editpad jdk.hotspot.agent jdk.httpserver jdk.internal.le jdk.internal.vm.ci jdk.internal.vm.compiler jdk.internal.vm.compiler.management jdk.jartool jdk.javadoc jdk.jcmd jdk.management jdk.management.agent jdk.jconsole jdk.jdeps jdk.jdwp.agent jdk.jdi jdk.jfr jdk.jshell jdk.jsobject jdk.jstatd jdk.localedata jdk.management.jfr jdk.naming.dns jdk.naming.rmi jdk.net jdk.nio.mapmode jdk.random jdk.sctp jdk.security.auth jdk.security.jgss jdk.unsupported jdk.unsupported.desktop jdk.xml.dom" 

Environment Variables:
JAVA_HOME=C:\Program Files\Java\jdk-25
PATH=C:\Program Files\Eclipse Adoptium\jdk-25.0.1.8-hotspot\bin;C:\WINDOWS.X64_213000_db_home\bin;C:\Program Files\Common Files\Oracle\Java\javapath;C:\WINDOWS\system32;C:\WINDOWS;C:\WINDOWS\System32\Wbem;C:\WINDOWS\System32\WindowsPowerShell\v1.0\;C:\WINDOWS\System32\OpenSSH\;C:\Program Files\dotnet\;C:\MinGW\bin;C:\Program Files\nodejs;C:\Program Files\nodejs\node_modules\npm\bin;C:\Program Files\nodejs\node_modules\npm\lib;C:\Program Files\MongoDB\Server\7.0\bin;C:\Program Files\Git\cmd;C:\Program Files\Java\jdk-25\bin;C:\Program Files\MySQL\MySQL Shell 8.0\bin\;C:\Users\dell\AppData\Local\Programs\Python\Python311\Scripts\;C:\Users\dell\AppData\Local\Programs\Python\Python311\;C:\Users\dell\AppData\Local\Microsoft\WindowsApps;C:\Program Files (x86)\nodejs\node_modules\npm;C:\Program Files (x86)\nodejs\node_modules\npm\bin;C:\Program Files (x86)\nodejs\node_modules\npm\lib;C:\Users\dell\AppData\Roaming\npm;C:\Program Files\JetBrains\IntelliJ IDEA 2024.2.3\bin;C:\Program Files\JetBrains\IntelliJ IDEA Community Edition 2024.2.3\bin;C:\Users\dell\AppData\Local\Programs\Microsoft VS Code\bin
USERNAME=dell
OS=Windows_NT
PROCESSOR_IDENTIFIER=Intel64 Family 6 Model 154 Stepping 4, GenuineIntel
TMP=C:\Users\dell\AppData\Local\Temp
TEMP=C:\Users\dell\AppData\Local\Temp




Periodic native trim disabled

---------------  S Y S T E M  ---------------

OS:
 Windows 11 , 64 bit Build 26100 (10.0.26100.9278)
OS uptime: 0 days 0:06 hours
Hyper-V role detected

CPU: total 12 (initial active 12) (6 cores per cpu, 2 threads per core) family 6 model 154 stepping 4 microcode 0x43b, cx8, cmov, fxsr, ht, mmx, 3dnowpref, sse, sse2, sse3, ssse3, sse4.1, sse4.2, popcnt, lzcnt, tsc, tscinvbit, avx, avx2, aes, erms, clmul, bmi1, bmi2, adx, sha, fma, vzeroupper, clflush, clflushopt, clwb, hv, serialize, rdtscp, rdpid, fsrm, f16c, cet_ibt, cet_ss
Processor Information for the first 12 processors :
  Max Mhz: 1300, Current Mhz: 1300, Mhz Limit: 1300

Memory: 4k page, system-wide physical 7876M (531M free)
TotalPageFile size 32452M (AvailPageFile size 0M)
current process WorkingSet (physical memory assigned to process): 767M, peak: 802M
current process commit charge ("private bytes"): 1256M, peak: 1713M

vm_info: OpenJDK 64-Bit Server VM (21.0.12.1+1-LTS) for windows-amd64 JRE (21.0.12.1+1-LTS), built on 2026-08-18T00:00:00Z by "admin" with MS VC++ 17.12 (VS2022)

END.
